[html.hixstudio.net/diego-prev/diego/index.html]
[backblue.gif]
[fade.gif]
[index.html]
[html.hixstudio.net/diego-prev/diego/assets/img/logo/favicon.png]
[html.hixstudio.net/diego-prev/diego/assets/css/bootstrap.css]
[html.hixstudio.net/diego-prev/diego/assets/css/animate.css]
[html.hixstudio.net/diego-prev/diego/assets/css/custom-animation.css]
[html.hixstudio.net/diego-prev/diego/assets/css/swiper-bundle.css]
[html.hixstudio.net/diego-prev/diego/assets/css/slick.css]
[html.hixstudio.net/diego-prev/diego/assets/css/magnific-popup.css]
[html.hixstudio.net/diego-prev/diego/assets/css/font-awesome-pro.css]
[html.hixstudio.net/diego-prev/diego/assets/css/spacing.css]
[html.hixstudio.net/diego-prev/diego/assets/css/main.css]
[html.hixstudio.net/diego-prev/diego/assets/img/offcanvas/bg-shape-3.png]
[html.hixstudio.net/diego-prev/diego/assets/img/logo/logo.png]
[html.hixstudio.net/diego-prev/diego/assets/img/logo/logo-black.png]
[html.hixstudio.net/diego-prev/diego/assets/img/offcanvas/offcanvas-1.jpg]
[html.hixstudio.net/diego-prev/diego/assets/img/offcanvas/offcanvas-2.jpg]
[html.hixstudio.net/diego-prev/diego/assets/img/offcanvas/offcanvas-3.jpg]
[html.hixstudio.net/diego-prev/diego/assets/img/menu/home-1.jpg]
[html.hixstudio.net/diego-prev/diego/index-2.html]
[html.hixstudio.net/diego-prev/diego/assets/img/menu/home-2.jpg]
[html.hixstudio.net/diego-prev/diego/index-3.html]
[html.hixstudio.net/diego-prev/diego/assets/img/menu/home-3.jpg]
[html.hixstudio.net/diego-prev/diego/index-4.html]
[html.hixstudio.net/diego-prev/diego/assets/img/menu/home-4.jpg]
[html.hixstudio.net/diego-prev/diego/index-5.html]
[html.hixstudio.net/diego-prev/diego/assets/img/menu/home-5.jpg]
[html.hixstudio.net/diego-prev/diego/home-8-slider.html]
[html.hixstudio.net/diego-prev/diego/assets/img/menu/home-6.jpg]
[html.hixstudio.net/diego-prev/diego/home-7-slider.html]
[html.hixstudio.net/diego-prev/diego/assets/img/menu/home-7.jpg]
[html.hixstudio.net/diego-prev/diego/home-6-slider.html]
[html.hixstudio.net/diego-prev/diego/assets/img/menu/home-8.jpg]
[html.hixstudio.net/diego-prev/diego/about-me.html]
[html.hixstudio.net/diego-prev/diego/service.html]
[html.hixstudio.net/diego-prev/diego/service-details.html]
[html.hixstudio.net/diego-prev/diego/portfolio.html]
[html.hixstudio.net/diego-prev/diego/portfolio-details.html]
[html.hixstudio.net/diego-prev/diego/portfolio-details-2.html]
[html.hixstudio.net/diego-prev/diego/portfolio-details-3.html]
[html.hixstudio.net/diego-prev/diego/blog.html]
[html.hixstudio.net/diego-prev/diego/blog-sidebar.html]
[html.hixstudio.net/diego-prev/diego/blog-details.html]
[html.hixstudio.net/diego-prev/diego/blog-details-2.html]
[html.hixstudio.net/diego-prev/diego/contact.html]
[html.hixstudio.net/diego-prev/diego/assets/img/cv/mycv.docx]
[html.hixstudio.net/diego-prev/diego/assets/img/bg/distort-bg.png]
[html.hixstudio.net/diego-prev/diego/assets/img/hero/hero-overlay.png]
[html.hixstudio.net/diego-prev/diego/assets/img/hero/hero-overlay-2.png]
[html.hixstudio.net/diego-prev/diego/assets/img/hero/hero-hand.png]
[html.hixstudio.net/diego-prev/diego/.tp-sv]
[html.hixstudio.net/diego-prev/diego/assets/img/hero/shape/hero-shape-1.png]
